C51 COMPILER V9.54   CARMOVEMENT                                                           11/27/2024 23:34:35 PAGE 1   


C51 COMPILER V9.54, COMPILATION OF MODULE CARMOVEMENT
OBJECT MODULE PLACED IN .\Objects\carMovement.obj
COMPILER INVOKED BY: D:\mcu\Keil5\C51\BIN\C51.EXE carMovement.c OPTIMIZE(8,SPEED) BROWSE DEBUG OBJECTEXTEND PRINT(.\List
                    -ings\carMovement.lst) OBJECT(.\Objects\carMovement.obj)

line level    source

   1          #include <REGX52.H>
   2          #include <intrins.h>
   3          
   4          sbit IN1F = P2^0;
   5          sbit IN2F = P2^1;
   6          sbit IN3F = P0^1;
   7          sbit IN4F = P0^0;
   8          
   9          sbit IN1B = P2^2;
  10          sbit IN2B = P2^3;
  11          sbit IN3B = P0^2;
  12          sbit IN4B = P0^3;
  13          
  14          #define PWM_PERIOD 64
  15          unsigned char dutyCycle1 = 32; //Left
  16          unsigned char dutyCycle2 = 32; //Right
  17          unsigned char States = 0;
  18          unsigned char Fliping = 0; //1 means enable, 0 means disable
  19          
  20          void Timer0_Init(void)
  21          {
  22   1          TMOD |= 0x01;
  23   1          TH0 = 0xFF;
  24   1          TL0 = 0x00; 
  25   1          ET0 = 1;
  26   1          EA = 1;
  27   1          TR0 = 1;
  28   1      }
  29          
  30          void Timer1_Init(void)
  31          {
  32   1          TMOD |= 0x10;
  33   1          TH1 = 0xFF;
  34   1          TL1 = 0x00; 
  35   1          ET1 = 1;
  36   1          TR1 = 1;
  37   1      }
  38          
  39          void Timer0_ISR(void) interrupt 1
  40          {
  41   1          static unsigned char pwmCounter1 = 0;
  42   1          TH0 = 0xFF;
  43   1          TL0 = 0x00;
  44   1      
  45   1          pwmCounter1++;
  46   1          if (pwmCounter1 >= PWM_PERIOD)
  47   1          {
  48   2              pwmCounter1 = 0;
  49   2          }
  50   1      
  51   1          if (pwmCounter1 < dutyCycle1 && (States != 3 && States != 4 && States != 5 && States != 6))
  52   1          {
  53   2              if (Fliping == 1 && States == 2)
  54   2              {
C51 COMPILER V9.54   CARMOVEMENT                                                           11/27/2024 23:34:35 PAGE 2   

  55   3                  IN1F = 1;
  56   3                  IN2F = 0;
  57   3                  IN1B = 0;
  58   3                  IN2B = 1;
  59   3              }
  60   2              else
  61   2              {
  62   3                  IN1F = 0;
  63   3                  IN2F = 1;
  64   3                  IN1B = 1;
  65   3                  IN2B = 0;
  66   3              }
  67   2          }
  68   1          else if (pwmCounter1 >= dutyCycle1 && (States != 3 && States != 4 && States != 5 && States != 6))
  69   1          {
  70   2              IN1F = 0;
  71   2              IN2F = 0;
  72   2              IN1B = 0;
  73   2              IN2B = 0;
  74   2          }
  75   1      }
  76          
  77          void Timer1_ISR(void) interrupt 3
  78          {
  79   1          static unsigned char pwmCounter2 = 0;
  80   1          TH1 = 0xFF;
  81   1          TL1 = 0x00;
  82   1      
  83   1          pwmCounter2++;
  84   1          if (pwmCounter2 >= PWM_PERIOD)
  85   1          {
  86   2              pwmCounter2 = 0;
  87   2          }
  88   1      
  89   1          if (pwmCounter2 < dutyCycle2 && (States != 3 && States != 4 && States != 5 && States != 6))
  90   1          {
  91   2              if (Fliping == 1 && States == 1)
  92   2              {
  93   3                  IN3F = 0;
  94   3                  IN4F = 1;
  95   3                  IN3B = 0;
  96   3                  IN4B = 1;
  97   3              }
  98   2              else
  99   2              {
 100   3                  IN3F = 1;
 101   3                  IN4F = 0;
 102   3                  IN3B = 1;
 103   3                  IN4B = 0;
 104   3              }
 105   2          }
 106   1          else if (pwmCounter2 >= dutyCycle2 && (States != 3 && States != 4 && States != 5 && States != 6))
 107   1          {
 108   2              IN3F = 0;
 109   2              IN4F = 0;
 110   2              IN3B = 0;
 111   2              IN4B = 0;
 112   2          }
 113   1      }
 114          
 115          void carMoveForward(short int level)
 116          {
C51 COMPILER V9.54   CARMOVEMENT                                                           11/27/2024 23:34:35 PAGE 3   

 117   1          States = 0;
 118   1          if (level == 1)
 119   1          {
 120   2              dutyCycle1 = 16;
 121   2              dutyCycle2 = 16;
 122   2          }
 123   1          else if (level == 2)
 124   1          {
 125   2              dutyCycle1 = 32;
 126   2              dutyCycle2 = 32;
 127   2          }
 128   1          else if (level == 3)
 129   1          {
 130   2              dutyCycle1 = 63;
 131   2              dutyCycle2 = 63;
 132   2          }
 133   1      }
 134          
 135          void carTurnRight(short int level)
 136          {
 137   1              States = 1;
 138   1          if (level == 1)
 139   1          {
 140   2              Fliping = 1;
 141   2              dutyCycle1 = 48;
 142   2              dutyCycle2 = 16;
 143   2          }
 144   1          else if (level == 2)
 145   1          {
 146   2              Fliping = 1;
 147   2              dutyCycle1 = 48;
 148   2              dutyCycle2 = 32;
 149   2          }
 150   1      }
 151          
 152          void carTurnLeft(short int level)
 153          {
 154   1          States = 2;
 155   1          if (level == 1)
 156   1          {
 157   2              Fliping = 1;
 158   2              dutyCycle1 = 16;
 159   2              dutyCycle2 = 48;
 160   2          }
 161   1          else if (level == 2)
 162   1          {
 163   2              Fliping = 1;
 164   2              dutyCycle1 = 32;
 165   2              dutyCycle2 = 48;
 166   2          }
 167   1      }
 168          
 169          void carStop()
 170          {
 171   1          States = 3;
 172   1          IN1F = 0;
 173   1          IN2F = 0;
 174   1          IN3F = 0;
 175   1          IN4F = 0;
 176   1          IN1B = 0;
 177   1          IN2B = 0;
 178   1          IN3B = 0;
C51 COMPILER V9.54   CARMOVEMENT                                                           11/27/2024 23:34:35 PAGE 4   

 179   1          IN4B = 0;
 180   1      }
 181          
 182          void carMoveBackward()
 183          {
 184   1          States = 4;
 185   1              IN1F = 1;
 186   1              IN2F = 0;
 187   1              IN3F = 0;
 188   1              IN4F = 1;
 189   1      
 190   1          IN1B = 0;
 191   1          IN2B = 1;
 192   1          IN3B = 0;
 193   1          IN4B = 1;
 194   1      }
 195          
 196          void carSharpRight()
 197          {
 198   1          States = 5;
 199   1              IN1F = 0;
 200   1              IN2F = 1;
 201   1              IN3F = 0;
 202   1              IN4F = 1;
 203   1      
 204   1          IN1B = 1;
 205   1          IN2B = 0;
 206   1          IN3B = 0;
 207   1          IN4B = 1;
 208   1      }
 209          
 210          void carSharpLeft()
 211          {
 212   1          States = 6;
 213   1              IN1F = 1;
 214   1              IN2F = 0;
 215   1              IN3F = 1;
 216   1              IN4F = 0;
 217   1      
 218   1          IN1B = 0;
 219   1          IN2B = 1;
 220   1          IN3B = 1;
 221   1          IN4B = 0;
 222   1      }


MODULE INFORMATION:   STATIC OVERLAYABLE
   CODE SIZE        =    474    ----
   CONSTANT SIZE    =   ----    ----
   XDATA SIZE       =   ----    ----
   PDATA SIZE       =   ----    ----
   DATA SIZE        =      6    ----
   IDATA SIZE       =   ----    ----
   BIT SIZE         =   ----    ----
END OF MODULE INFORMATION.


C51 COMPILATION COMPLETE.  0 WARNING(S),  0 ERROR(S)
